Script started on 2025-09-19 15:21:46-04:00
bash-4.4$ pwd
/mnt/scratch/CS131_jelenag/students/harshp/homework_assignments/hw04
bash-4.4$ tmux new-session hw04[K[K[K[K-s homework04
[?1049h[22;0;0t[?1h=[H[2J[?12l[?25h[?1000l[?1002l[?1006l[?1005l[c(B[m[?12;25h[?12l[?25h[?1003l[?1006l[?2004l[1;1H[1;65r]112[1;1H[?25l[K
[K
[K
[K
[K
[K
[K
[K
[K
[K
[K
[K
[K
[K
[K
[K
[K
[K
[K
[K
[K
[K
[K
[K
[K
[K
[K
[K
[K
[K
[K
[K
[K
[K
[K
[K
[K
[K
[K
[K
[K
[K
[K
[K
[K
[K
[K
[K
[K
[K
[K
[K
[K
[K
[K
[K
[K
[K
[K
[K
[K
[K
[K
[K
[30m[42m[homework00:bash*                                                                                                                                                                                     "sjsu.pic2.isv.ihost.c" 15:22 19-Sep-25(B[m[1;1H[?12l[?25h(B[m[?12;25h[?12l[?25h[?1003l[?1006l[?2004l[1;1H[1;65r[?25l[1;1H[K
[K
[K
[K
[K
[K
[K
[K
[K
[K
[K
[K
[K
[K
[K
[K
[K
[K
[K
[K
[K
[K
[K
[K
[K
[K
[K
[K
[K
[K
[K
[K
[K
[K
[K
[K
[K
[K
[K
[K
[K
[K
[K
[K
[K
[K
[K
[K
[K
[K
[K
[K
[K
[K
[K
[K
[K
[K
[K
[K
[K
[K
[K
[K
[30m[42m[homework00:bash*                                                                                                                                                                                     "sjsu.pic2.isv.ihost.c" 15:22 19-Sep-25(B[m[1;1H[?12l[?25h[harshp@sjsu hw04]$ [?25l[65;1H[30m[42m[homework00:bash*                                                                                                                                                                                     "sjsu.pic2.isv.ihost.c" 15:23 19-Sep-25(B[m[1;21H[?12l[?25h[?25l[65;1H[30m[43m(rename-window) bash[7m (B[m[30m[43m                                                                                                                                                                                                                        (B[m[1;21H[H[harshp@sjsu hw04]$[K
[K
[K
[K
[K
[K
[K
[K
[K
[K
[K
[K
[K
[K
[K
[K
[K
[K
[K
[K
[K
[K
[K
[K
[K
[K
[K
[K
[K
[K
[K
[K
[K
[K
[K
[K
[K
[K
[K
[K
[K
[K
[K
[K
[K
[K
[K
[K
[K
[K
[K
[K
[K
[K
[K
[K
[K
[K
[K
[K
[K
[K
[K
[K
[30m[42m[homework00:bash*                                                                                                                                                                                     "sjsu.pic2.isv.ihost.c" 15:23 19-Sep-25(B[m[1;21H[?12l[?25h[1;65r(B[m[?1l>[H[2J]112[?12l[?25h[?1000l[?1002l[?1006l[?1005l[?1049l[23;0;0t[detached (from session homework04)]
bash-4.4$ tmux attach -5 [K5[K[K5[Kt homework04
[?1049h[22;0;0t[?1h=[H[2J[?12l[?25h[?1000l[?1002l[?1006l[?1005l[c(B[m[?12;25h[?12l[?25h[?1003l[?1006l[?2004l[1;1H[1;65r]112[1;21H[?25l[H[harshp@sjsu hw04]$[K
[K
[K
[K
[K
[K
[K
[K
[K
[K
[K
[K
[K
[K
[K
[K
[K
[K
[K
[K
[K
[K
[K
[K
[K
[K
[K
[K
[K
[K
[K
[K
[K
[K
[K
[K
[K
[K
[K
[K
[K
[K
[K
[K
[K
[K
[K
[K
[K
[K
[K
[K
[K
[K
[K
[K
[K
[K
[K
[K
[K
[K
[K
[K
[30m[42m[homework00:bash*                                                                                                                                                                                     "sjsu.pic2.isv.ihost.c" 15:23 19-Sep-25(B[m[1;21H[?12l[?25h(B[m[?12;25h[?12l[?25h[?1003l[?1006l[?2004l[1;1H[1;65r[1;21H[?25l[H[harshp@sjsu hw04]$[K
[K
[K
[K
[K
[K
[K
[K
[K
[K
[K
[K
[K
[K
[K
[K
[K
[K
[K
[K
[K
[K
[K
[K
[K
[K
[K
[K
[K
[K
[K
[K
[K
[K
[K
[K
[K
[K
[K
[K
[K
[K
[K
[K
[K
[K
[K
[K
[K
[K
[K
[K
[K
[K
[K
[K
[K
[K
[K
[K
[K
[K
[K
[K
[30m[42m[homework00:bash*                                                                                                                                                                                     "sjsu.pic2.isv.ihost.c" 15:23 19-Sep-25(B[m[1;21H[?12l[?25h[?25l[65;1H[30m[42m[homework00:bash*                                                                                                                                                                                     "sjsu.pic2.isv.ihost.c" 15:24 19-Sep-25(B[m[1;21H[?12l[?25h[?25l[65;1H[30m[42m[homework00:bash*                                                                                                                                                                                     "sjsu.pic2.isv.ihost.c" 15:25 19-Sep-25(B[m[1;21H[?12l[?25h[?25l[65;1H[30m[42m[homework00:bash*                                                                                                                                                                                     "sjsu.pic2.isv.ihost.c" 15:26 19-Sep-25(B[m[1;21H[?12l[?25h[?25l[65;1H[30m[42m[homework00:bash*                                                                                                                                                                                     "sjsu.pic2.isv.ihost.c" 15:27 19-Sep-25(B[m[1;21H[?12l[?25h[?25l[65;1H[30m[42m[homework00:bash*                                                                                                                                                                                     "sjsu.pic2.isv.ihost.c" 15:28 19-Sep-25(B[m[1;21H[?12l[?25h[?25l[65;1H[30m[42m[homework00:bash*                                                                                                                                                                                     "sjsu.pic2.isv.ihost.c" 15:29 19-Sep-25(B[m[1;21H[?12l[?25h[?25l[65;1H[30m[42m[homework00:bash*                                                                                                                                                                                     "sjsu.pic2.isv.ihost.c" 15:30 19-Sep-25(B[m[1;21H[?12l[?25htouch notes.txt [?25l[65;1H[30m[42m[homework00:bash*                                                                                                                                                                                     "sjsu.pic2.isv.ihost.c" 15:31 19-Sep-25(B[m[1;37H[?12l[?25hnio[K[KoteA.md .bashrc fake.tsv
[harshp@sjsu hw04]$ [?25l[65;1H[30m[42m[homework00:bash*                                                                                                                                                                                     "sjsu.pic2.isv.ihost.c" 15:32 19-Sep-25(B[m[2;21H[?12l[?25h[?25l[65;1H[30m[42m[homework00:bash*                                                                                                                                                                                     "sjsu.pic2.isv.ihost.c" 15:33 19-Sep-25(B[m[2;21H[?12l[?25hls note?.md[K[Ktxt
notes.txt
[harshp@sjsu hw04]$ touch notes1.txt[K[K[K[K[K.txt note1.txt noteA.md .bashrc fake.tsv
[harshp@sjsu hw04]$ ls touch note[K[K[K[K[K[K[K[K[K[K[K[Ks note?.txt
note1.txt  notes.txt
[harshp@sjsu hw04]$ [?25l[65;1H[30m[42m[homework00:bash*                                                                                                                                                                                     "sjsu.pic2.isv.ihost.c" 15:34 19-Sep-25(B[m[7;21H[?12l[?25h(B[m[?12;25h[?12l[?25h[?1003l[?1006l[?2004l[1;1H[1;64r[7;21H[?25l[H[harshp@sjsu hw04]$ touch notes.txt noteA.md .bashrc fake.tsv[K
[harshp@sjsu hw04]$ ls note?.txt[K
notes.txt[K
[harshp@sjsu hw04]$ touch notes.txt note1.txt noteA.md .bashrc fake.tsv[K
[harshp@sjsu hw04]$ ls note?.txt[K
note1.txt  notes.txt[K
[harshp@sjsu hw04]$[K
[K
[K
[K
[K
[K
[K
[K
[K
[K
[K
[K
[K
[K
[K
[K
[K
[K
[K
[K
[K
[K
[K
[K
[K
[K
[K
[K
[K
[K
[K
[K
[K
[K
[K
[K
[K
[K
[K
[K
[K
[K
[K
[K
[K
[K
[K
[K
[K
[K
[K
[K
[K
[K
[K
[K
[K
[30m[42m[homework00:bash*                                                                                                                                                                                     "sjsu.pic2.isv.ihost.c" 15:34 19-Sep-25(B[m[7;21H[?12l[?25h[K[harshp@sjsu hw04]$ [?25l[64;1H[30m[42m[homework00:bash*                                                                                                                                                                                     "sjsu.pic2.isv.ihost.c" 15:35 19-Sep-25(B[m[7;21H[?12l[?25h[?25l[64;1H[30m[42m[homework00:bash*                                                                                                                                                                                     "sjsu.pic2.isv.ihost.c" 15:36 19-Sep-25(B[m[7;21H[?12l[?25h[?25l[64;1H[30m[42m[homework00:bash*                                                                                                                                                                                     "sjsu.pic2.isv.ihost.c" 15:37 19-Sep-25(B[m[7;21H[?12l[?25hfind . -name "[K*.tsv[K[K[K[K[K"*.tsv"[?25l[64;1H[30m[42m[homework00:bash*                                                                                                                                                                                     "sjsu.pic2.isv.ihost.c" 15:38 19-Sep-25(B[m[7;41H[?12l[?25h
./fake.tsv
[harshp@sjsu hw04]$ [?25l[64;1H[30m[42m[homework00:bash*                                                                                                                                                                                     "sjsu.pic2.isv.ihost.c" 15:39 19-Sep-25(B[m[9;21H[?12l[?25h[?25l[64;1H[30m[42m[homework00:bash*                                                                                                                                                                                     "sjsu.pic2.isv.ihost.c" 15:40 19-Sep-25(B[m[9;21H[?12l[?25h[?25l[64;1H[30m[42m[homework00:bash*                                                                                                                                                                                     "sjsu.pic2.isv.ihost.c" 15:41 19-Sep-25(B[m[9;21H[?12l[?25h[?25l[64;1H[30m[42m[homework00:bash*                                                                                                                                                                                     "sjsu.pic2.isv.ihost.c" 15:42 19-Sep-25(B[m[9;21H[?12l[?25h[?25l[64;1H[30m[42m[homework00:bash*                                                                                                                                                                                     "sjsu.pic2.isv.ihost.c" 15:43 19-Sep-25(B[m[9;21H[?12l[?25hfind ~/ -size[?25l[64;1H[30m[42m[homework00:bash*                                                                                                                                                                                     "sjsu.pic2.isv.ihost.c" 15:44 19-Sep-25(B[m[9;34H[?12l[?25h +500k
/mnt/scratch/CS131_jelenag/students/harshp/homework_assignments/hw03/amazon_reviews_10k_random.tsv
[harshp@sjsu hw04]$ [?25l[64;1H[30m[42m[homework00:bash*                                                                                                                                                                                     "sjsu.pic2.isv.ihost.c" 15:45 19-Sep-25(B[m[11;21H[?12l[?25h[?25l[64;1H[30m[42m[homework00:bash*                                                                                                                                                                                     "sjsu.pic2.isv.ihost.c" 15:46 19-Sep-25(B[m[11;21H[?12l[?25hfind ~/ -ntine[K[K[K[K[Kmtime 0
/mnt/scratch/CS131_jelenag/students/harshp/
/mnt/scratch/CS131_jelenag/students/harshp/homework_assignments
/mnt/scratch/CS131_jelenag/students/harshp/homework_assignments/hw04
/mnt/scratch/CS131_jelenag/students/harshp/homework_assignments/hw04/noteA.md
/mnt/scratch/CS131_jelenag/students/harshp/homework_assignments/hw04/notes.txt
/mnt/scratch/CS131_jelenag/students/harshp/homework_assignments/hw04/fake.tsv
/mnt/scratch/CS131_jelenag/students/harshp/homework_assignments/hw04/note1.txt
/mnt/scratch/CS131_jelenag/students/harshp/homework_assignments/hw04/.bashrc
/mnt/scratch/CS131_jelenag/students/harshp/homework_assignments/hw04/hw04_session.txt
/mnt/scratch/CS131_jelenag/students/harshp/.bash_history
[harshp@sjsu hw04]$ [?25l[64;1H[30m[42m[homework00:bash*                                                                                                                                                                                     "sjsu.pic2.isv.ihost.c" 15:47 19-Sep-25(B[m[22;21H[?12l[?25hunzip -p /mnt/scratch/CS131_jelenag/amazon_reviews_multilingual_US_v1_00.tsv.zip | head -n 1000 > logs/a.log
-bash: logs/a.log: No such file or directory
[harshp@sjsu hw04]$ mkdir[?25l[64;1H[30m[42m[homework00:bash*                                                                                                                                                                                     "sjsu.pic2.isv.ihost.c" 15:48 19-Sep-25(B[m[24;26H[?12l[?25h logs
[harshp@sjsu hw04]$ mkdir logs[10Dunzip -p /mnt/scratch/CS131_jelenag/amazon_reviews_multilingual_US_v1_00.tsv.zip | head -n 1000 > logs/a.log
[harshp@sjsu hw04]$ unzip -p /mnt/scratch/CS131_jelenag/amazon_reviews_multilingual_US_v1_00.tsv.zip | head -n 1000 > logs/a.log[1P.log[4Db.log[4D
[harshp@sjsu hw04]$ unzip -p /mnt/scratch/CS131_jelenag/amazon_reviews_multilingual_US_v1_00.tsv.zip | head -n 1000 > logs/b.log[5Da.log[1P.log[4Dc.log[4D
[harshp@sjsu hw04]$ find logs -name "*.log" -exec wc -l {} \;
1000 logs/c.log
1000 logs/b.log
1000 logs/a.log
[harshp@sjsu hw04]$ find logs -name "*.log" | xargs wc -l
   1000 logs/c.log
   1000 logs/b.log
   1000 logs/a.log
   3000 total
[harshp@sjsu hw04]$ [?25l[64;1H[30m[42m[homework00:bash*                                                                                                                                                                                     "sjsu.pic2.isv.ihost.c" 15:49 19-Sep-25(B[m[37;21H[?12l[?25hvi find_report.txt
[?25l[H[K
[K
[K
[K
[K
[K
[K
[K
[K
[K
[K
[K
[K
[K
[K
[K
[K
[K
[K
[K
[K
[K
[K
[K
[K
[K
[K
[K
[K
[K
[K
[K
[K
[K
[K
[K
[K
[K
[K
[K
[K
[K
[K
[K
[K
[K
[K
[K
[K
[K
[K
[K
[K
[K
[K
[K
[K
[K
[K
[K
[K
[K
[K[25A[?12l[?25h[?2004h[1;63r[63S[63;1H"find_report.txt" [New File][1;64r[63;29H[?25l[2;1H▽  [H
[34m[1m~                                                                                                                                                                                                                                            [3;1H~                                                                                                                                                                                                                                            [4;1H~                                                                                                                                                                                                                                            [5;1H~                                                                                                                                                                                                                                            [6;1H~                                                                                                                                                                                                                                            [7;1H~                                                                                                                                                                                                                                            [8;1H~                                                                                                                                                                                                                                            [9;1H~                                                                                                                                                                                                                                            [10;1H~                                                                                      (B[m[34m[1m                                                                                                                                                      [11;1H~                                                                                                                                                                                                                                            [12;1H~                                                                                                                                                                                                                                            [13;1H~                                                                                                                                                                                                                                            [14;1H~                                                                                                                                                                                                                                            [15;1H~                                                                                                                                                                                                                                            [16;1H~                                                                                                                                                                                                                                            [17;1H~                                                                                                                                                                                                                                            [18;1H~                                                                                                                                                                                                                                            [19;1H~                                                                                                                                                                                                                                            [20;1H~                                                                                                                                                                                                                                            [21;1H~                                                                                                                                                                                                                                            [22;1H~                                                                                                                                                                                                                                            [23;1H~                                                                                                                                                                                                                                            [24;1H~                                                                                                                                                                                                                                            [25;1H~                                                                                                                                                                                                                                            [26;1H~                                                                                                                                                                                                                                            [27;1H~                                (B[m[34m[1m                                                                                                                                                                                                            [28;1H~                                                                                                                                                                                                                                            [29;1H~                                                                                                                                                                                                                                            [30;1H~                                                                                                                                                                                                                                            [31;1H~                                                                                                                                                                                                                                            [32;1H~                                                                                                                                                                                                                                            [33;1H~                                                                                                                                                                                                                                            [34;1H~                                                                                                                                                                                                                                            [35;1H~                                                                                                                                                                                                                                            [36;1H~                                                                                                                                                                                                                                            [37;1H~                                                                                                                                                                                                                                            [38;1H~                                                                                                                                                                                                                                            [39;1H~                                                                                                                                                                                                                                            [40;1H~                                                                                                                                                                                                                                            [41;1H~                                                                                                                                                                                                                                            [42;1H~                                                                                                                                                                                                                                            [43;1H~                                                                                                                                                                                                                               (B[m[34m[1m             [44;1H~                                                                                                                                                                                                                                            [45;1H~                                                                                                                                                                                                                                            [46;1H~                                                                                                                                                                                                                                            [47;1H~                                                                                                                                                                                                                                            [48;1H~                                                                                                                                                                                                                                            [49;1H~                                                                                                                                                                                                                                            [50;1H~                                                                                                                                                                                                                                            [51;1H~                                                                                                                                                                                                                                            [52;1H~                                                                                                                                                                                                                                            [53;1H~                                                                                                                                                                                                                                            [54;1H~                                                                                                                                                                                                                                            [55;1H~                                                                                                                                             