Script started on 2025-09-09 19:07:59-04:00
bash-4.4$ unzip /mnt/scratch/CS131_jelenag/amazon_reviews_multilingual_US_v1_00.tsv.zip -d .
Archive:  /mnt/scratch/CS131_jelenag/amazon_reviews_multilingual_US_v1_00.tsv.zip
  inflating: ./amazon_reviews_multilingual_US_v1_00.tsv  
bash-4.4$ ls
amazon_reviews_multilingual_US_v1_00.tsv  hw03_session.txt
bash-4.4$ head -n 1 amazon_reviews_multilingual_US_v1_00.tsv 
marketplace	customer_id	review_id	product_id	product_parent	product_title	product_category	star_rating	helpful_votes	total_votes	vine	verified_purchase	review_headline	review_body	review_date
bash-4.4$ h[Khead -n 1 amazon_reviews_multilingual_US_v1_00.tsv > amazon_reviews_10k_random.tsv
bash-4.4$ tail -n +2 amazon_reviews_multilingual_US_v1_00.tsv | shuf -n 10000 >> amazon_reviews_10k_random.tsv 
bash-4.4$ wc -l amazon_reviews_10k_random.tsv 
10001 amazon_reviews_10k_random.tsv
bash-4.4$ wc -l amazon_reviews_10k_random.tsv [C[C[C[1@>[1P[C[1@ [1@>[C[1@ [1P
^C
bash-4.4$ wc -l > amazon_reviews_10k_random.tsv [1P[1@<
0
bash-4.4$ head -n 1 amazon_reviews_multilingual_US_v1_00.tsv > amazon_reviews_10k_random.tsv
bash-4.4$ tail -n +2 amazon_reviews_multilingual_US_v1_00.tsv | shuf -n 10000 >> amazon_reviews_10k_random.tsv
bash-4.4$ wc -l amazon_reviews_10k_random.tsv 
10001 amazon_reviews_10k_random.tsv
bash-4.4$ wc -l < amazon_reviews_10k_random.tsv 
10001
bash-4.4$ wc -l < amazon_reviews_10k_random.tsv > counts.txt
bash-4.4$ tail +2[K[K-n +2 | [K[Kamazon_reviews_10k_random.tsv | wc 0l[K[K-l > counts.txt
bash-4.4$ cat counts.txt
10000
bash-4.4$ wc -l < amazon_reviews_10k_random.tsv > counts.txt
bash-4.4$ tail -n +2 amazon_reviews_10k_random.tsv | wc -l > counts.txt> counts.txt
bash-4.4$ cat counts.txt
10001
10000
bash-4.4$ vi counts.txt
[?2004h[?1049h[22;0;0t[?1h=[?2004h[1;39r[?12h[?12l[27m[23m[29m[m[H[2J[?25l[39;1H"counts.txt" 2L, 12C[1;1H10001
10000
[1m[34m~                                                                                                                                    [4;1H~                                                                                                                                    [5;1H~                                                                                                                                    [6;1H~                                                                                                                                    [7;1H~                                                                                                                                    [8;1H~                                                                                                                                    [9;1H~                                                                                                                                    [10;1H~                                                                                                                                    [11;1H~                                                                                                                                    [12;1H~                                                                                                                                    [13;1H~                                                                                                                                    [14;1H~                                                                                                                                    [15;1H~                                                                                                                                    [16;1H~                                                                                                                                    [17;1H~                                                                                                                                    [18;1H~                                                                                                                                    [19;1H~                                                                                                                                    [20;1H~                                                                                                                                    [21;1H~                                                                                                                                    [22;1H~                                                                                                                                    [23;1H~                                                                                                                                    [24;1H~                                                                                                                                    [25;1H~                                                                                                                                    [26;1H~                                                                                                                                    [27;1H~                                                                                                                                    [28;1H~                                                                                                                                    [29;1H~                                                                                                                                    [30;1H~                                                                                                                                    [31;1H~                                                                                                                                    [32;1H~                                                                                                                                    [33;1H~                                                                                                                                    [34;1H~                                                                                                                                    [35;1H~                                                                                                                                    [36;1H~                                                                                                                                    [37;1H~                                                                                                                                    [38;1H~                                                                                                                                    [1;1H[?25h[?25l[m[39;1H[1m-- INSERT --[m[39;14H[K[1;6H[?25h[?25l [?25h[?25l#[?25h[?25l [?25h[?25lw[?25h[?25li[?25h[?25lt[?25h[?25lh[?25h[?25l [?25h[?25lh[?25h[?25le[?25h[?25la[?25h[?25ld[?25h[?25le[?25h[?25lr[?25h[39;1H[K[1;19H[?25l[?25h
1000[?25l[39;1H[1m-- INSERT --[2;6H[?25h[?25l[m [?25h[?25l#[?25h[?25l [?25h[?25lw[?25h[?25li[?25h[?25lt[?25h[?25lh[?25h[?25lo[?25h[?25lu[?25h[?25lt[?25h[?25l [?25h[?25lh[?25h[?25le[?25h[?25la[?25h[?25ld[?25h[?25le[?25h[?25lr[?25h[39;1H[K[2;22H[?25l[?25h[?25l[39;1H:[?2004h[?25hw[?25l"counts.txt" 2L, 43C written[2;22H[?25h[?25l[39;1H[K[39;1H:[?2004h[?25hq[?25l[?2004l[39;1H[K[39;1H[?2004l[?1l>[?25h[?1049l[23;0;0tbash-4.4$ tail +2 amazon_reviews_multilingual_US_v1_00.tsv [K[K[K[K[K[K[K[K[K[K[K[K[K[K[K[K[K[K[K[K[K[K[K[K[K[K10k_random.tsv | cut -f 8 | head
tail: cannot open '+2' for reading: No such file or directory
==> amazon_reviews_10k_random.tsv <==
5
5
5
1
4
3
5
4
3
bash-4.4$ tail +2 amazon_reviews_10k_random.tsv | cut -f 8 | head[C[C[C[C[C[1@-[1@n[1@ 
5
5
5
5
5
5
4
5
5
5
bash-4.4$ tail -n +2 amazon_reviews_10k_random.tsv | cut -f 8 | head[K[K[K[Ksort | head
1
1
1
1
1
1
1
1
1
1
bash-4.4$ | un[K[K[K[Ktail -n +2 amazon_reviews_10k_random.tsv | cut -f 8 | sort | head[K[K[K[Kuniq -c
    586 1
    384 2
    802 3
   1849 4
   6379 5
bash-4.4$ tail -n +2 amazon_reviews_10k_random.tsv | cut -f 8 | sort | uniq -c | sort -k 1 -gr
   6379 5
   1849 4
    802 3
    586 1
    384 2
bash-4.4$ tail -n +2 amazon_reviews_10k_random.tsv | cut -f 8 | sort | uniq -c | sort -k 1 -gr > hist_start[K_rating.txt
bash-4.4$ cat hist_star_rating.txt 
   6379 5
   1849 4
    802 3
    586 1
    384 2
bash-4.4$ ls
amazon_reviews_10k_random.tsv  amazon_reviews_multilingual_US_v1_00.tsv  counts.txt  hist_star_rating.txt  hw03_session.txt
bash-4.4$ tail -n +2 amazon_reviews_10k_random.tsv | cut -f 2 | sort | uniq -c | sort -k 1 -gr | head -n 10
      4 52569116
      3 51294528
      3 51110953
      2 58172
      2 52868156
      2 52816088
      2 52697971
      2 52173019
      2 51086835
      2 50947693
bash-4.4$ tail -n +2 amazon_reviews_10k_random.tsv | cut -f 2 | sort | uniq -c | sort -k 1 -gr | head -n 10 >>[K top_customers.txt
bash-4.4$ tail -n +2 amazon_reviews_10k_random.tsv | cut -f 2 | sort | uniq -c | sort -k 1 -gr | head -n 10 > top_customers.txt[1P[1@4[1@,[1@6[C[C[C[C[C[C[C[C[C[C[C[C[C[C[C[C[C[C[C[C[C[C[C[C[C[C[C[C[C[C[C[C[C[C[C[C[C[C[C[C[C[C[C[C[C[C[C[C[C[C[C[C[C[C[C[C[C[C[C[C[C[C[C[C[C[C[K[K[K[K[K[K[K[K[K[K[K[K[K[K[K[K[K[K[K[K
     88 B00FAPF5U0	Candy Crush Saga
     60 B009UX2YAC	Subway Surfers
     54 B00E8KLWB4	The Secret SocietyÂ® - Hidden Mystery
     54 B00DR0PDNE	Google Chromecast HDMI Streaming Media Player
     52 B006LSZECO	Gone Girl: A Novel
     46 B005ZOBNOI	The Fault in Our Stars
     44 B00992CF6W	Minecraft
     43 B00QW8TYWO	Crossy Road
     42 B00DJFIMW6	Minion Rush: Despicable Me Official Game
     41 B00AREIAI8	My Horse
bash-4.4$ tail -n +2 amazon_reviews_10k_random.tsv | cut -f 4,6 | sort | uniq -c | sort -k 1 -gr | head -n 10 > top_products.txt
bash-4.4$ tail -n +2 amazon_reviews_10k_random.tsv | cut -f 4,6 | sort | uniq -c | sort -k 1 -gr | head -n 10 > top_products.txt[C[C[C[C[C[1P[1P[1P[1P[1P[1P[1P[1P[1P[1P[1P[C[C[C[C[C[C[C[C[C[C[C[C[C[C[C[C[C[C[C[K[K[K[K[K[K[K[K[K[K[K[K[K[K[K[K[K[K[K[K[C[1P[1P[1P[1@7
   2148 Mobile_Apps
   1766 Digital_Ebook_Purchase
   1610 Video DVD
   1555 Digital_Video_Download
   1222 Books
   1095 Music
    154 Digital_Music_Purchase
     75 Toys
     74 PC
     60 Video
     56 Home Entertainment
     32 Wireless
     31 Camera
     28 Video Games
     21 Musical Instruments
     13 Watches
     13 Baby
      9 Shoes
      9 Electronics
      7 Tools
      4 Sports
      4 Home Improvement
      3 Outdoors
      3 Kitchen
      3 Home
      2 Office Products
      1 Mobile_Electronics
      1 Health & Personal Care
      1 Beauty
bash-4.4$ tail -n +2 amazon_reviews_10k_random.tsv | cut -f 7 | sort | uniq -c | sort -k 1 -gr > hist_categories.txt
bash-4.4$ history > hw03_history.txt
bash-4.4$ vi README.md
[?2004h[?1049h[22;0;0t[?1h=[?2004h[1;39r[?12h[?12l[27m[23m[29m[m[H[2J[?25l[39;1H"README.md" [New File][2;1H[1m[34m~                                                                                                                                    [3;1H~                                                                                                                                    [4;1H~                                                                                                                                    [5;1H~                                                                                                                                    [6;1H~                                                                                                                                    [7;1H~                                                                                                                                    [8;1H~                                                                                                                                    [9;1H~                                                                                                                                    [10;1H~                                                                                                                                    [11;1H~                                                                                                                                    [12;1H~                                                                                                                                    [13;1H~                                                                                                                                    [14;1H~                                                                                                                                    [15;1H~                                                                                                                                    [16;1H~                                                                                                                                    [17;1H~                                                                                                                                    [18;1H~                                                                                                                                    [19;1H~                                                                                                                                    [20;1H~                                                                                                                                    [21;1H~                                                                                                                                    [22;1H~                                                                                                                                    [23;1H~                                                                                                                                    [24;1H~                                                                                                                                    [25;1H~                                                                                                                                    [26;1H~                                                                                                                                    [27;1H~                                                                                                                                    [28;1H~                                                                                                                                    [29;1H~                                                                                                                                    [30;1H~                                                                                                                                    [31;1H~                                                                                                                                    [32;1H~                                                                                                                                    [33;1H~                                                                                                                                    [34;1H~                                                                                                                                    [35;1H~                                                                                                                                    [36;1H~                                                                                                                                    [37;1H~                                                                                                                                    [38;1H~                                                                                                                                    [1;1H[?25h[?25l[m[39;1H[1m-- INSERT --[m[39;13H[K[1;1H[?25h[?25l#[?25h[?25l [?25h[?25lH[?25h[?25lW[?25h[?25l [?25h[?25l3[?25h[?25l [?25h[?25lE[?25h[?25lx[?25h[?25lp[?25h[?25ll[?25h[?25la[?25h[?25ln[?25h[?25la[?25h[?25lt[?25h[?25li[?25h[?25lo[?25h[?25ln[?25h[?25l[2;1H[K[2;1H[?25h[?25l[3;1H[K[3;1H[?25h[?25lT[?25h[?25lh[?25h[?25le[?25h[?25l [?25h[?25lf[?25h[?25li[?25h[?25lr[?25h[?25ls[?25h[?25lt[?25h[?25l [?25h[?25lt[?25h[?25lw[?25h[?25lo[?25h[?25l [?25h[?25lc[?25h[?25lo[?25h[?25lm[?25h[?25lm[?25h[?25la[?25h[?25ln[?25h[?25ld[?25h[?25ls[?25h[?25l [?25h[?25li[?25h[?25l [?25h[?25lr[?25h[?25la[?25h[?25ln[?25h[?25l[3;28H[K[3;28H[?25h[?25l[3;27H[K[3;27H[?25h[?25l[3;26H[K[3;26H[?25h[?25l[?25h[?25l[3;24H[K[3;24H[?25h[?25l[?25h[?25lI[?25h[?25l[3;23H[K[3;23H[?25h[?25l [?25h[?25lI[?25h[?25l [?25h[?25lr[?25h[?25la[?25h[?25ln[?25h[?25l [?25h[?25lw[?25h[?25le[?25h[?25lr[?25h[?25le[?25h[?25l [?25h[?25lt[?25h[?25lh[?25h[?25le[?25h[?25l [?25h[?25lf[?25h[?25lo[?25h[?25ll[?25h[?25ll[?25h[?25lo[?25h[?25lw[?25h[?25li[?25h[?25ln[?25h[?25lg[?25h[?25l:[?25h[?25l[4;1H[K[4;1H[?25h[?25lhead -n 1 input > output
tail -n +2 input | shuf -n 10000[5;33H[K[5;33H[?25h[?25l >> output[6;1H[K[6;1H[?25h[39;1H[K[6;1H[?25l[?25h[5;1H[4;1H[?25l[39;1H[1m-- INSERT --[4;38r[m[4;1H[L[1;39r[4;1H[?25h[?25l[5;38r[5;1H[L[1;39r[5;1H[?25h[?25l`[?25h[?25l`[?25h[?25l`[?25h[?25ls[?25h[?25lh[?25h[39;1H[K[5;5H[?25l[?25h
head
tail[?25l[39;1H[1m-- INSERT --[8;38r[m[8;1H[L[1;39r[8;1H[?25h[?25l`[?25h[?25l`[?25h[?25l`[?25h[39;1H[K[8;3H[?25l[?25h
[?25l[39;1H[1m-- INSERT --[m[10;1H[K[10;1H[?25h[?25lT[?25h[?25li[?25h[?25l[10;2H[K[10;2H[?25h[?25lh[?25h[?25li[?25h[?25ls[?25h[?25l [?25h[39;1H[K[10;5H[?25l[?25h[9;1H[8;3H[7;5H[?25l[7;38r[38;1H
[1;39r[38;1H[1m[34m~                                                                                                                                    [7;1H[?25h[?25l[8;38r[m[8;1H[L[1;39r[8;1Htail -n +2 input | shuf -n 10000 >> output[?25h[?25l[39;1H[1m-- INSERT --[8;1H[?25h[?25l[m`tail -n +2 input | shuf -n 10000 >> output`[?25h[39;1H[K[8;1H[?25l[?25h[?25l[39;1H[1m-- INSERT --[8;44H[?25h[?25l[m`[?25h[39;1H[K[8;44H[?25l[?25h[7;3H[6;24H[5;5H[?25l[5;38r[38;1H
[1;39r[38;1H[1m[34m~                                                                                                                                    [5;1H[?25h
[?25l[6;38r[m[38;1H
[1;39r[38;1H[1m[34m~                                                                                                                                    [6;1H[?25h[5;1H[?25l[m[39;1H[1m-- INSERT --[5;1H[?25h[?25l[m`head -n 1 input > output`[?25h[?25lAhead -n 1 input > output`A[?25h[?25lhead -n 1 input > output[5;26H[K[5;2H[?25h[39;1H[K[5;1H[?25l[?25h[?25l[39;1H[1m-- INSERT --[5;26H[?25h[?25l[m`[?25h[39;1H[K[5;26H[?25l[?25h[6;26H

This[?25l[39;1H[1m-- INSERT --[8;6H[?25h[?25l[ma[?25h[?25ld[?25h[?25ld[?25h[?25le[?25h[?25ld[?25h[?25l [?25h[?25lt[?25h[?25lh[?25h[?25le[?25h[?25l [?25h[?25lh[?25h[?25le[?25h[?25la[?25h[?25ld[?25h[?25le[?25h[?25lr[?25h[?25l [?25h[?25lf[?25h[?25li[?25h[?25ll[?25h[?25le[?25h[?25l [?25h[?25lt[?25h[?25lo[?25h[?25l [?25h[?25lt[?25h[?25lh[?25h[?25le[?25h[?25l [?25h[?25lo[?25h[?25lu[?25h[?25lt[?25h[?25lp[?25h[?25lu[?25h[?25lt[?25h[?25l[8;40H[K[8;40H[?25h[?25l[8;39H[K[8;39H[?25h[?25l[8;38H[K[8;38H[?25h[?25l[8;37H[K[8;37H[?25h[?25l[8;36H[K[8;36H[?25h[?25l[8;35H[K[8;35H[?25h[?25l[?25h[?25l[8;33H[K[8;33H[?25h[?25l[8;32H[K[8;32H[?25h[?25l[8;31H[K[8;31H[?25h[?25l[?25h[?25l[8;29H[K[8;29H[?25h[?25l[8;28H[K[8;28H[?25h[?25l[?25h[?25l[8;26H[K[8;26H[?25h[?25l[8;25H[K[8;25H[?25h[?25l[8;24H[K[8;24H[?25h[?25l[8;23H[K[8;23H[?25h[?25ll[?25h[?25li[?25h[?25ln[?25h[?25le[?25h[?25l [?25h[?25lt[?25h[?25lo[?25h[?25l [?25h[?25lt[?25h[?25lh[?25h[?25le[?25h[?25l [?25h[?25lo[?25h[?25lu[?25h[?25lt[?25h[?25lp[?25h[?25lu[?25h[?25lt[?25h[?25l [?25h[?25la[?25h[?25ln[?25h[?25ld[?25h[?25l [?25h[?25lt[?25h[?25lh[?25h[?25le[?25h[?25ln[?25h[?25l [?25h[?25la[?25h[?25lp[?25h[?25lp[?25h[?25le[?25h[?25ln[?25h[?25ld[?25h[?25le[?25h[?25ld[?25h[?25l[8;58H[K[8;58H[?25h[?25l[8;57H[K[8;57H[?25h[?25l[8;56H[K[8;56H[?25h[?25l[8;55H[K[8;55H[?25h[?25l[8;54H[K[8;54H[?25h[?25l[8;53H[K[8;53H[?25h[?25l[8;52H[K[8;52H[?25h[?25l[8;51H[K[8;51H[?25h[?25l[?25h[?25l[8;49H[K[8;49H[?25h[?25l[8;48H[K[8;48H[?25h[?25l[8;47H[K[8;47H[?25h[?25l[8;46H[K[8;46H[?25h[?25l[?25h[?25l[8;44H[K[8;44H[?25h[?25l[8;43H[K[8;43H[?25h[?25l[8;42H[K[8;42H[?25h[?25l[?25h[39;1H[K[8;40H[?25l[?25h[8;16H[?25l[39;1H[1m-- INSERT --[m[8;6H the header line to the output[8;36H[K[8;6H[?25h[?25lf the header line to the output[8;7H[?25h[?25li the header line to the output[8;8H[?25h[?25lr the header line to the output[8;9H[?25h[?25ls the header line to the output[8;10H[?25h[?25lt the header line to the output[8;11H[?25h[?25l the header line to the output[8;40H[K[8;10H[?25h[?25l the header line to the output[8;39H[K[8;9H[?25h[?25l the header line to the output[8;38H[K[8;8H[?25h[?25l the header line to the output[8;37H[K[8;7H[?25h[?25l the header line to the output[8;36H[K[8;6H[?25h[?25la the header line to the output[8;7H[?25h[?25ld the header line to the output[8;8H[?25h[?25ld the header line to the output[8;9H[?25h[?25ls the header line to the output[8;10H[?25h[39;1H[K[8;9H[?25l[?25h[?25l[39;1H[1m-- INSERT --[8;40H[?25h[?25l[m.[?25h[?25l[8;40H[K[8;40H[?25h[?25l.[?25h[?25l[9;1H[K[9;1H[?25h[?25lT[?25h[?25lh[?25h[?25le[?25h[?25ln[?25h[?25l [?25h[?25l[?25h[?25l[9;4H[K[9;4H[?25h[?25l[9;3H[K[9;3H[?25h[?25l[9;2H[K[9;2H[?25h[?25l[9;1H[K[9;1H[?25h[?25l[1m[34m~                                                                                                                                    [8;41H[?25h[?25l[m [?25h[?25lT[?25h[?25lh[?25h[?25le[?25h[?25ln[?25h[?25l [?25h[?25li[?25h[?25lt[?25h[?25l [?25h[?25lg[?25h[?25lr[?25h[?25la[?25h[?25lb[?25h[?25ls[?25h[?25l [?25h[?25la[?25h[?25ll[?25h[?25ll[?25h[?25l [?25h[?25ll[?25h[?25li[?25h[?25ln[?25h[?25le[?25h[?25ls[?25h[?25l [?25h[?25lb[?25h[?25le[?25h[?25ls[?25h[?25li[?25h[?25ld[?25h[?25le[?25h[?25ls[?25h[?25l [?25h[?25lt[?25h[?25lh[?25h[?25le[?25h[?25l [?25h[?25lh[?25h[?25le[?25h[?25la[?25h[?25ld[?25h[?25le[?25h[?25lr[?25h[?25l,[?25h[?25l [?25h[?25lp[?25h[?25li[?25h[?25lk[?25h[?25ls[?25h[?25l[8;89H[K[8;89H[?25h[?25l[8;88H[K[8;88H[?25h[?25lc[?25h[?25lk[?25h[?25ls[?25h[?25l [?25h[?25l1[?25h[?25l0[?25h[?25l,[?25h[?25l0[?25h[?25l0[?25h[?25l0[?25h[?25l[8;97H[K[8;97H[?25h[?25l0[?25h[?25l [?25h[?25lr[?25h[?25la[?25h[?25ln[?25h[?25ld[?25h[?25lo[?25h[?25lm[?25h[?25l [?25h[?25ll[?25h[?25li[?25h[?25ln[?25h[?25le[?25h[?25ls[?25h[?25l [?25h[?25lw[?25h[?25li[?25h[?25lt[?25h[?25lh[?25h[?25l [?25h[?25ls[?25h[?25lh[?25h[?25lu[?25h[?25lf[?25h[?25l,[?25h[?25l [?25h[?25la[?25h[?25ln[?25h[?25ld[?25h[?25l [?25h[?25la[?25h[?25lp[?25h[?25lp[?25h[?25le[?25h[?25ln[?25h[?25ld[?25h[?25ls[9;1H[?25h[?25l [9;2H[K[9;2H[?25h[?25li[?25h[?25lt[?25h[?25l [?25h[?25lt[?25h[?25lo[?25h[?25l [?25h[?25lt[?25h[?25lh[?25h[?25le[?25h[?25l [?25h[?25ls[?25h[?25la[?25h[?25lm[?25h[?25le[?25h[?25l [?25h[?25lf[?25h[?25li[?25h[?25ll[?25h[?25le[?25h[?25l.[?25h[?25l [?25h[39;1H[K[9;22H[?25l[?25h[?25l[8;78H[K[9;1Hheader, picks 10,000 random lines with shuf, and appends it to the same file.[?25h[?25l[39;1H[1m-- INSERT --[m[10;1H[K[10;1H[?25h[?25l[11;1H[K[11;1H[?25h[?25lT[?25h[?25lh[?25h[?25le[?25h[?25ln[?25h[?25l,[?25h[?25l [?25h[?25li[?25h[?25l [?25h[?25lr[?25h[?25la[?25h[?25lu[?25h[?25ln[?25h[?25l [?25h[?25l[?25h[?25l[11;12H[K[11;12H[?25h[?25l[11;11H[K[11;11H[?25h[?25l[11;10H[K[11;10H[?25h[?25l[11;9H[K[11;9H[?25h[?25l[?25h[?25l[11;7H[K[11;7H[?25h[?25lI[?25h[?25l [?25h[?25lr[?25h[?25la[?25h[?25ln[?25h[?25l [?25h[?25lt[?25h[?25lh[?25h[?25le[?25h[?25l [?25h[?25lf[?25h[?25lo[?25h[?25ll[?25h[?25ll[?25h[?25lo[?25h[?25lw[?25h[?25li[?25h[?25ln[?25h[?25lg[?25h[?25l [?25h[?25ll[?25h[?25li[?25h[?25ln[?25h[?25le[?25h[?25l [?25h[?25lt[?25h[?25lo[?25h[?25l [?25h[?25lc[?25h[?25lr[?25h[?25le[?25h[?25la[?25h[?25lt[?25h[?25le[?25h[?25l [?25h[?25lt[?25h[?25lh[?25h[?25le[?25h[?25l [?25h[?25ls[?25h[?25lt[?25h[?25la[?25h[?25lr[?25h[?25l [?25h[?25lr[?25h[?25la[?25h[?25lt[?25h[?25li[?25h[?25ln[?25h[?25lg[?25h[?25l [?25h[?25lh[?25h[?25li[?25h[?25ls[?25h[?25lt[?25h[?25lo[?25h[?25lg[?25h[?25lr[?25h[?25la[?25h[?25lm[?25h[?25l:[?25h[?25l[12;1H[K[12;1H[?25h[?25l[13;1H[K[13;1H[?25h[?25l`[?25h[?25lhead -n 1 input > output
tail -n +2 input | shuf -n 10000 [14;34H[K[14;34H[?25h[?25l>> output[15;1H[K[15;1H[?25h[?25l[1m[34m~                                                                                                                                    [14;43H[?25h[m[39;1H[K[14;42H[?25l[?25h[13;25H``[?25l[39;1H[1m-- VISUAL --[13;2H[?25h[?25l[m[7mhead -n 1 input > output 
t[?25h[?25l[?25h[?25lail -n +2 input | shuf -n 10000 >> output[?25h[?25l[m[13;2H[K[14;1H[1m[34m~                                                                                                                                    [m[39;1H[K[13;1H[?25h[?25l[39;1H[1m-- INSERT --[13;2H[?25h[?25l[mp[?25h[?25l[13;2H[K[13;2H[?25h[39;1H[K[13;1H[?25l[?25h[?25l`head -n 1 input > output
tail -n +2 input | shuf -n 10000 >> output[14;43H[K[13;2H[?25h[?25l[39;1H1 line less; before #20  1 seconds ago[13;2H[K[14;1H[1m[34m~                                                                                                                                    [13;1H[?25h[?25l[m[39;1H[1m-- INSERT --[m[39;14H[K[13;2H[?25h[?25ltail -n +2 input | cut -f 8 | sort | uniq -c[?25h[?25l | sort -k 1 -gr > output[?25h[?25l`[?25h[39;1H[K[13;71H[?25l[?25h[?25l[39;1H[1m-- INSERT --[m[14;1H[K[14;1H[?25h[?25l[15;1H[K[15;1H[?25h[?25lT[?25h[?25lai[?25h[?25ll[?25h[?25l [?25h[?25lg[?25h[?25le[?25h[?25lt[?25h[?25ls[?25h[?25l [?25h[?25lt[?25h[?25lh[?25h[?25le[?25h[?25l [?25h[?25l[?25h[?25l[15;13H[K[15;13H[?25h[?25l[15;12H[K[15;12H[?25h[?25l[15;11H[K[15;11H[?25h[?25le[?25h[?25lv[?25h[?25le[?25h[?25lr[?25h[?25ly[?25h[?25l [?25h[?25ll[?25h[?25li[?25h[?25ln[?25h[?25le[?25h[?25l [?25h[?25lb[?25h[?25le[?25h[?25ls[?25h[?25li[?25h[?25ld[?25h[?25le[?25h[?25ls[?25h[?25l [?25h[?25lt[?25h[?25lh[?25h[?25le[?25h[?25l [?25h[?25lh[?25h[?25le[?25h[?25la[?25h[?25ld[?25h[?25le[?25h[?25lr[?25h[?25l,[?25h[?25l [?25h[?25lI[?25h[?25l[15;42H[K[15;42H[?25h[?25lc[?25h[?25lu[?25h[?25lt[?25h[?25l [?25h[?25lg[?25h[?25lr[?25h[?25la[?25h[?25lb[?25h[?25ls[?25h[?25l [?25h[?25lt[?25h[?25lh[?25h[?25le[?25h[?25l [?25h[?25lc[?25h[?25lo[?25h[?25ll[?25h[?25lu[?25h[?25lm[?25h[?25ln[?25h[?25l,[?25h[?25l [?25h[?25lt[?25h[?25lh[?25h[?25le[?25h[?25ln[?25h[?25l [?25h[?25lI[?25h[?25l [?25h[?25ls[?25h[?25lo[?25h[?25lr[?25h[?25lt[?25h[?25l,[?25h[?25l [?25h[?25lc[?25h[?25l[15;77H[K[15;77H[?25h[?25lc[?25h[?25lo[?25h[?25lu[?25h[?25ln[?25h[?25lt[?25h[?25l [?25h[?25lu[?25h[?25ln[?25h[?25li[?25h[?25lq[?25h[?25lu[?25h[?25le[?25h[?25l [?25h[?25lv[?25h[?25la[?25h[?25ll[?25h[?25lu[?25h[?25le[?25h[?25ls[?25h[?25l,[?25h[?25l[15;96H[K[15;96H[?25h[?25l,[?25h[?25l [?25h[?25l[?25h[?25l[15;96H[K[15;96H[?25h[?25l[15;93H[K[15;93H[?25h[?25l[15;92H[K[15;92H[?25h[?25l[15;91H[K[15;91H[?25h[?25l[15;81H[K[15;81H[?25h[?25l[15;78H[K[15;78H[?25h[?25l[15;77H[K[15;77H[?25h[?25l[?25h[?25l[15;75H[K[15;75H[?25h[?25l [?25h[?25la[?25h[?25ln[?25h[?25ld[?25h[?25l [?25h[?25lc[?25h[?25lo[?25h[?25lu[?25h[?25ln[?25h[?25lt[?25h[?25l [?25h[?25lu[?25h[?25ln[?25h[?25li[?25h[?25lq[?25h[?25lu[?25h[?25le[?25h[?25l [?25h[?25lv[?25h[?25la[?25h[?25ll[?25h[?25lu[?25h[?25le[?25h[?25ls[?25h[?25l.[?25h[?25l [?25h[?25lL[?25h[?25la[?25h[?25ls[?25h[?25lt[?25h[?25ll[?25h[?25ly[?25h[?25l,[?25h[?25l [?25h[?25lI[?25h[?25l [?25h[?25ls[?25h[?25lo[?25h[?25lr[?25h[?25lt[?25h[?25l [?25h[?25lb[?25h[?25ly[?25h[?25l [?25h[?25lt[?25h[?25lh[?25h[?25le[?25h[?25l [?25h[?25l[?25h[?25l[15;121H[K[15;121H[?25h[?25l[15;120H[K[15;120H[?25h[?25l[15;119H[K[15;119H[?25h[?25lt[?25h[?25lh[?25h[?25le[?25h[?25l [?25h[?25lf[?25h[?25li[?25h[?25lr[?25h[?25ls[?25h[?25lt[?25h[?25l [?25h[?25lc[?25h[?25lo[?25h[?25ll[?25h[?25lu[?25h[?25lm[16;1H[?25h[?25ln[16;2H[K[16;2H[?25h[?25l [?25h[?25lw[?25h[?25lh[?25h[?25lc[?25h[?25l[16;5H[K[16;5H[?25h[?25li[?25h[?25lc[?25h[?25lh[?25h[?25l [?25h[?25lc[?25h[?25lo[?25h[?25ln[?25h[?25ltai[?25h[?25ln[?25h[?25ls[?25h[?25l th[?25h[?25le[?25h[?25l [?25h[?25lc[?25h[?25lo[?25h[?25lunt[?25h[?25l.[?25h[39;1H[K[16;27H[?25l[?25h[?25l[15;80H[K[16;1Hcount unique values. Lastly, I sort by the first column which contains the
count.[17;7H[K[17;6H[?25h[?25l[39;1H[1m-- INSERT --[m[18;1H[K[18;1H[?25h[?25l[19;1H[K[19;1H[?25h[?25ltail -n +2 input | cut -f 2 | sort | uniq -c | sort -k 1 -gr | h[?25h[?25lead > output[20;1H[K[20;1H[?25h[39;1H[K[20;1H[?25l[?25h[19;1H[?25l[39;1H[1m-- INSERT --[19;1H[?25h[?25l[m`tail -n +2 input | cut -f 2 | sort | uniq -c | sort -k 1 -gr | head > output`[?25h[?25lAtail -n +2 input | cut -f 2 | sort | uniq -c | sort -k 1 -gr | head > output`A[?25h[?25ltail -n +2 input | cut -f 2 | sort | uniq -c | sort -k 1 -gr | head > output[19;78H[K[19;2H[?25h[39;1H[K[19;1H[?25l[?25h[?25l[39;1H[1m-- INSERT --[19;78H[?25h[?25l[m`[?25h[39;1H[K[19;78H[?25l[?25h[18;1H[?25l[39;1H[1m-- INSERT --[19;38r[m[19;1H[L[1;39r[19;1H[?25h[?25lO[?25h[?25l[19;1H[K[19;1H[?25h[?25l[20;38r[20;1H[L[1;39r[20;1H[?25hk [39;1H[K[?25l[20;1H[?25h[19;1H[?25l[39;1H[1m-- INSERT --[19;1H[?25h[?25l[mT[?25h[?25lh[?25h[?25le[?25h[?25l [?25h[?25ln[?25h[?25le[?25h[?25lx[?25h[?25lt[?25h[?25l [?25h[?25l[?25h[?25l[19;8H[K[19;8H[?25h[?25l[19;7H[K[19;7H[?25h[?25l[19;6H[K[19;6H[?25h[?25l[19;5H[K[19;5H[?25h[?25lf[?25h[?25lo[?25h[?25ll[?25h[?25ll[?25h[?25lo[?25h[?25lw[?25h[?25li[?25h[?25ln[?25h[?25lg[?25h[?25l [?25h[?25ll[?25h[?25li[?25h[?25ln[?25h[?25le[?25h[?25ls[?25h[?25l [?25h[?25lu[?25h[?25ls[?25h[?25le[?25h[?25ld[?25h[?25l [?25h[?25lt[?25h[?25lh[?25h[?25l[19;27H[K[19;27H[?25h[?25l[19;26H[K[19;26H[?25h[?25l[?25h[?25l[19;24H[K[19;24H[?25h[?25l[19;23H[K[19;23H[?25h[?25l[19;22H[K[19;22H[?25h[?25l[19;21H[K[19;21H[?25h[?25l[?25h[?25l[19;19H[K[19;19H[?25h[?25l[19;18H[K[19;18H[?25h[?25l[19;17H[K[19;17H[?25h[?25l[19;16H[K[19;16H[?25h[?25l[19;15H[K[19;15H[?25h[?25l[?25h[?25l [?25h[?25ls[?25h[?25lt[?25h[?25le[?25h[?25lp[?25h[?25ls[?25h[?25l [?25h[?25l[?25h[?25l[19;19H[K[19;19H[?25h[?25l[19;18H[K[19;18H[?25h[?25l[19;17H[K[19;17H[?25h[?25l[19;16H[K[19;16H[?25h[?25l[19;15H[K[19;15H[?25h[?25ll[?25h[?25li[?25h[?25ln[?25h[?25le[?25h[?25ls[?25h[?25l [?25h[?25lu[?25h[?25ls[?25h[?25le[?25h[?25ld[?25h[?25l [?25h[?25lt[?25h[?25lh[?25h[?25le[?25h[?25l [?25h[?25ls[?25h[?25la[?25h[?25lm[?25h[?25le[?25h[?25l [?25h[?25lp[?25h[?25lr[?25h[?25lo[?25h[?25lc[?25h[?25le[?25h[?25ls[?25h[?25ls[?25h[?25l [?25h[?25lb[?25h[?25lu[?25h[?25lt[?25h[?25l [?25h[?25lw[?25h[?25li[?25h[?25lt[?25h[?25lh[?25h[?25l [?25h[?25lm[?25h[?25li[?25h[?25ln[?25h[?25lo[?25h[?25lr[?25h[?25l [?25h[?25lmo[?25h[?25ld[?25h[?25li[?25h[?25lf[?25h[?25li[?25h[?25lc[?25h[?25la[?25h[?25lt[?25h[?25li[?25h[?25lo[?25h[?25ln[?25h[?25ls[?25h[?25l.[?25h[39;1H[K[19;71H[?25l[?25h
[21;71H[?25l[39;1H[1m-- INSERT --[21;69H[?25h[?25l[m  > output`[21;70H[?25h[?25l- > output`[21;71H[?25h[?25ln > output`[21;72H[?25h[?25l  > output`[21;73H[?25h[?25l1 > output`[21;74H[?25h[?25l0 > output`[21;75H[?25h[39;1H[K[21;74H[?25l[?25h[20;1H[19;71H
[21;74H
[?25l[39;1H[1m-- INSERT --[22;1H[?25h[?25l[m`[?25h[39;1H[K[22;1H[?25l[?25h[?25l`head -n 1 input > output
tail -n +2 input | shuf -n 10000 >> output[23;43H[K[22;2H[?25h[?25l[39;1H1 line less; before #31  0 seconds ago[22;2H[K[23;1H[1m[34m~                                                                                                                                    [22;1H[?25h[?25l[m[39;1H[1m-- INSERT --[m[39;14H[K[22;1Htail -n +2 input | cut -f 4,6 | sort | uniq -c | sort -k 1 -gr`[?25h[?25l[39;1H[K[22;63H | head > output
`[23;2H[K[23;1H[?25h[22;1H[?25l[39;1H[1m-- INSERT --[22;1H[?25h[?25l[m`tail -n +2 input | cut -f 4,6 | sort | uniq -c | sort -k 1 -gr | head > output`[?25h[39;1H[K[22;1H[?25l[?25h`[?25l[39;1H[1m-- INSERT --[22;80H[?25h[?25l[m`[?25h[39;1H[K[22;80H[?25l[?25h[?25l[39;1H[1m-- INSERT --[22;72H[?25h[?25l[mn> output`[22;73H[?25h[?25l> output`[22;81H[K[22;72H[?25h[?25l-> output`[22;73H[?25h[?25ln> output`[22;74H[?25h[?25l > output`[22;75H[?25h[?25l1> output`[22;76H[?25h[?25l-> output`[22;77H[?25h[?25l> output`[22;85H[K[22;76H[?25h[?25l0> output`[22;77H[?25h[?25l > output`[22;78H[?25h[39;1H[K[22;77H[?25l[?25h
[?25l[39;1H[1m-- INSERT --[23;2H[?25h[?25l[mtail -n +2 input | cut -f 7 | sort | uniq -c[?25h[?25l | sort -k 1 -gr > output[24;1H[K[24;1H[?25h[?25l[1m[34m~                                                                                                                                    [23;71H[?25h[?25l[m`[?25h[39;1H[K[23;71H[?25l[?25h[?25l[39;1H[1m-- INSERT --[m[24;1H[K[24;1H[?25h[?25l[25;1H[K[25;1H[?25h[?25lI[?25h[?25l [?25h[?25lu[?25h[?25ls[?25h[?25le[?25h[?25ld[?25h[?25l [?25h[?25lh[?25h[?25le[?25h[?25la[?25h[?25ld[?25h[?25l [?25h[?25lt[?25h[?25lo[?25h[?25l [?25h[?25lo[?25h[?25ln[?25h[?25ll[?25h[?25ly[?25h[?25l [?25h[?25l[?25h[?25l[25;19H[K[25;19H[?25h[?25l[25;18H[K[25;18H[?25h[?25l[25;17H[K[25;17H[?25h[?25l[25;16H[K[25;16H[?25h[?25l[?25h[?25l[25;14H[K[25;14H[?25h[?25l[25;13H[K[25;13H[?25h[?25la[?25h[?25lt[?25h[?25l [?25h[?25lt[?25h[?25lh[?25h[?25le[?25h[?25l [?25h[?25le[?25h[?25ln[?25h[?25ld[?25h[?25l [?25h[?25lt[?25h[?25lo[?25h[?25l [?25h[?25lo[?25h[?25ln[?25h[?25ll[?25h[?25ly[?25h[?25l [?25h[?25lg[?25h[?25le[?25h[?25lt[?25h[?25l [?25h[?25lt[?25h[?25lh[?25h[?25le[?25h[?25l [?25h[?25lt[?25h[?25lo[?25h[?25lp[?25h[?25l [?25h[?25l1[?25h[?25l0[?25h[?25l [?25h[?25ll[?25h[?25li[?25h[?25ln[?25h[?25le[?25h[?25ls[?25h[?25l,[?25h[?25l [?25h[?25l[?25h[?25l[25;52H[K[25;52H[?25h[?25l.[?25h[?25l [?25h[?25lo[?25h[?25l[25;54H[K[25;54H[?25h[?25l[?25h[?25l [?25h[?25l[?25h[?25la[?25h[?25l[25;53H[K[25;53H[?25h[39;1H[K[25;52H[?25l[?25h[?25l[39;1H[1m-- INSERT --[25;53H[?25h[m[39;1H[K[25;52H[?25l[?25h[?25l[39;1H[1m-- INSERT --[25;1H[?25h[?25l[mII used head at the end to only get the top 10 lines.I[?25h[?25l I used head at the end to only get the top 10 lines.I [?25h[?25lsI used head at the end to only get the top 10 lines.I s[?25h[?25liI used head at the end to only get the top 10 lines.I si[?25h[?25lmI used head at the end to only get the top 10 lines.I sim[?25h[?25lpI used head at the end to only get the top 10 lines.[25;7H[?25h[?25llI used head at the end to only get the top 10 lines.[25;8H[?25h[?25lyI used head at the end to only get the top 10 lines.[25;9H[?25h[?25l I used head at the end to only get the top 10 lines.[25;10H[?25h[?25lcI used head at the end to only get the top 10 lines.[25;11H[?25h[?25lhI used head at the end to only get the top 10 lines.[25;12H[?25h[?25laI used head at the end to only get the top 10 lines.[25;13H[?25h[?25lnI used head at the end to only get the top 10 lines.[25;14H[?25h[?25lgI used head at the end to only get the top 10 lines.[25;15H[?25h[?25leI used head at the end to only get the top 10 lines.[25;16H[?25h[?25ldI used head at the end to only get the top 10 lines.[25;17H[?25h[?25l I used head at the end to only get the top 10 lines.[25;18H[?25h[?25ltI used head at the end to only get the top 10 lines.[25;19H[?25h[?25lhI used head at the end to only get the top 10 lines.[25;20H[?25h[?25leI used head at the end to only get the top 10 lines.[25;21H[?25h[?25l I used head at the end to only get the top 10 lines.[25;22H[?25h[?25loI used head at the end to only get the top 10 lines.[25;23H[?25h[?25lI used head at the end to only get the top 10 lines.[25;74H[K[25;22H[?25h[?25lcI used head at the end to only get the top 10 lines.[25;23H[?25h[?25loI used head at the end to only get the top 10 lines.[25;24H[?25h[?25llI used head at the end to only get the top 10 lines.[25;25H[?25h[?25luI used head at the end to only get the top 10 lines.[25;26H[?25h[?25lmI used head at the end to only get the top 10 lines.[25;27H[?25h[?25lnI used head at the end to only get the top 10 lines.[25;28H[?25h[?25lsI used head at the end to only get the top 10 lines.[25;29H[?25h[?25l I used head at the end to only get the top 10 lines.[25;30H[?25h[?25ltI used head at the end to only get the top 10 lines.[25;31H[?25h[?25loI used head at the end to only get the top 10 lines.[25;32H[?25h[?25l I used head at the end to only get the top 10 lines.[25;33H[?25h[?25lwI used head at the end to only get the top 10 lines.[25;34H[?25h[?25lhI used head at the end to only get the top 10 lines.[25;35H[?25h[?25liI used head at the end to only get the top 10 lines.[25;36H[?25h[?25lcI used head at the end to only get the top 10 lines.[25;37H[?25h[?25lhI used head at the end to only get the top 10 lines.[25;38H[?25h[?25leI used head at the end to only get the top 10 lines.[25;39H[?25h[?25lvI used head at the end to only get the top 10 lines.[25;40H[?25h[?25leI used head at the end to only get the top 10 lines.[25;41H[?25h[?25lrI used head at the end to only get the top 10 lines.[25;42H[?25h[?25l I used head at the end to only get the top 10 lines.[25;43H[?25h[?25lcI used head at the end to only get the top 10 lines.[25;44H[?25h[?25loI used head at the end to only get the top 10 lines.[25;45H[?25h[?25llI used head at the end to only get the top 10 lines.[25;46H[?25h[?25luI used head at the end to only get the top 10 lines.[25;47H[?25h[?25lmI used head at the end to only get the top 10 lines.[25;48H[?25h[?25lnI used head at the end to only get the top 10 lines.[25;49H[?25h[?25l I used head at the end to only get the top 10 lines.[25;50H[?25h[?25lwI used head at the end to only get the top 10 lines.[25;51H[?25h[?25laI used head at the end to only get the top 10 lines.[25;52H[?25h[?25lsI used head at the end to only get the top 10 lines.[25;53H[?25h[?25l I used head at the end to only get the top 10 lines.[25;54H[?25h[?25lnI used head at the end to only get the top 10 lines.[25;55H[?25h[?25leI used head at the end to only get the top 10 lines.[25;56H[?25h[?25lcI used head at the end to only get the top 10 lines.[25;57H[?25h[?25leI used head at the end to only get the top 10 lines.[25;58H[?25h[?25lsI used head at the end to only get the top 10 lines.[25;59H[?25h[?25lsI used head at the end to only get the top 10 lines.[25;60H[?25h[?25laI used head at the end to only get the top 10 lines.[25;61H[?25h[?25lrI used head at the end to only get the top 10 lines.[25;62H[?25h[?25lyI used head at the end to only get the top 10 lines.[25;63H[?25h[?25l.I used head at the end to only get the top 10 lines.[25;64H[?25h[?25l I used head at the end to only get the top 10 lines.[25;65H[?25h[39;1H[K[25;64H[?25l[?25h I[?25l[39;1H[1m-- INSERT --[25;66H[?25h[?25l[ma used head at the end to only get the top 10 lines.[25;67H[?25h[?25ll used head at the end to only get the top 10 lines.[25;68H[?25h[?25ls used head at the end to only get the top 10 lines.[25;69H[?25h[?25l used head at the end to only get the top 10 lines.[25;119H[K[25;68H[?25h[?25l used head at the end to only get the top 10 lines.[25;118H[K[25;67H[?25h[?25l used head at the end to only get the top 10 lines.[25;117H[K[25;66H[?25h[?25l  used head at the end to only get the top 10 lines.[25;67H[?25h[?25la used head at the end to only get the top 10 lines.[25;68H[?25h[?25ll used head at the end to only get the top 10 lines.[25;69H[?25h[?25ls used head at the end to only get the top 10 lines.[25;70H[?25h[?25lo used head at the end to only get the top 10 lines.[25;71H[?25h[39;1H[K[25;70H[?25l[?25h[?25l[39;1H[1m-- INSERT --[25;122H[?25h[m[39;1H[K[25;121H[?25l[?25h[?25l[39;1H[1m-- INSERT --[25;121H[?25h[?25l[m .[?25h[?25lw.[?25h[?25lh.[?25h[?25le.[?25h[?25lr.[?25h[?25le.[?25h[?25l .[?25h[?25ln.[?25h[?25le.[?25h[?25lc.[?25h[?25le.[?25h[?25ls.[25;133H[?25h[?25lss[26;1H.[26;2H[K[26;1H[?25h[?25la.[?25h[?25lr.[?25h[?25ly.[?25h[39;1H[K[26;3H[?25l[?25h[?25l[25;77H[K[26;1Hhead at the end to only get the top 10 lines where necessary.[?25h[?25l[39;1H[1m-- INSERT --[m[27;1H[K[27;1H[?25h[?25l[28;1H[K[28;1H[?25h[?25lF[?25h[?25li[?25h[?25ln[?25h[?25la[?25h[?25ll[?25h[?25ll[?25h[?25ly[?25h[?25l,[?25h[?25l [?25h[?25li[?25h[?25l [?25h[?25lr[?25h[?25la[?25h[?25ln[?25h[?25l[28;14H[K[28;14H[?25h[?25l[28;13H[K[28;13H[?25h[?25l[28;12H[K[28;12H[?25h[?25l[?25h[?25l[28;10H[K[28;10H[?25h[?25lI[?25h[?25l [?25h[?25lr[?25h[?25la[?25h[?25ln[?25h[?25l[29;1H[K[29;1H[?25h[?25l`[?25h[?25lh[?25h[?25li[?25h[?25ls[?25h[?25lt[?25h[?25lo[?25h[?25lr[?25h[?25ly[?25h[?25l [?25h[?25l>[?25h[?25l [?25h[?25lh[?25h[?25lw[?25h[?25l_[?25h[?25l[29;14H[K[29;14H[?25h[?25l0[?25h[?25l3[?25h[?25l_[?25h[?25ls[?25h[?25le[?25h[?25ls[?25h[?25ls[?25h[?25li[?25h[?25lo[?25h[?25ln[?25h[?25l.[?25h[?25l[29;24H[K[29;24H[?25h[?25l[29;23H[K[29;23H[?25h[?25l[29;22H[K[29;22H[?25h[?25l[29;21H[K[29;21H[?25h[?25l[29;20H[K[29;20H[?25h[?25l[29;19H[K[29;19H[?25h[?25l[29;18H[K[29;18H[?25h[?25l[29;17H[K[29;17H[?25h[?25lh[?25h[?25li[?25h[?25ls[?25h[?25lt[?25h[?25lo[?25h[?25lr[?25h[?25ly[?25h[?25l.[?25h[?25lt[?25h[?25lx[?25h[?25lt[?25h[?25l`[?25h[?25l[30;1H[K[30;1H[?25h[?25lt[?25h[?25lo[?25h[?25l [?25h[?25lg[?25h[?25le[?25h[?25lt[?25h[?25l [?25h[?25l[?25h[?25l[30;6H[K[30;6H[?25h[?25l[30;5H[K[30;5H[?25h[?25l[30;4H[K[30;4H[?25h[?25l[?25h[?25l[30;2H[K[30;2H[?25h[?25l[30;1H[K[30;1H[?25h[?25l[1m[34m~                                                                                                                                    [29;29H[?25h[?25l[mo[?25h[?25l[29;29H[K[29;29H[?25h[?25l[30;1H[K[30;1H[?25h[?25lt[?25h[?25lo[?25h[?25l [?25h[?25lg[?25h[?25ls[?25h[?25l[30;5H[K[30;5H[?25h[?25l[30;4H[K[30;4H[?25h[?25ls[?25h[?25la[?25h[?25lv[?25h[?25le[?25h[?25l [?25h[?25lt[?25h[?25lh[?25h[?25le[?25h[?25l [?25h[?25lh[?25h[?25li[?25h[?25ls[?25h[?25lt[?25h[?25lo[?25h[?25lr[?25h[39;1H[K[30;18H[?25l[?25h[?25l[39;1H[1m-- INSERT --[30;19H[?25h[?25l[my[?25h[39;1H[K[30;19H[?25l[?25h[29;19H[28;14H[?25l[39;1H[1m-- INSERT --[28;15H[?25h[?25l[m;[?25h[?25l[28;15H[K[28;15H[?25h[?25l:[?25h[39;1H[K[28;15H[?25l[?25h[?25l[39;1H[1m-- INSERT --[29;38r[m[29;1H[L[1;39r[29;1H[?25h[?25l[28;38r[38;1H
[1;39r[28;1HFinally, I ran:[38;1H[1m[34m~                                                                                                                                    [28;16H[?25h[?25l[29;38r[m[29;1H[L[1;39r[29;1H[?25h[39;1H[K[29;1H[?25l[?25h
[?25l[39;1H[1m-- INSERT --[31;38r[m[31;1H[L[1;39r[31;1H[?25h[39;1H[K[31;1H[?25l[?25h
[?25l[39;1H[1m-- INSERT --[32;20H[?25h[?25l[m.[?25h[39;1H[K[32;20H[?25l[?25h[?25l[39;1H:[?2004h[?25hw[?25l"README.md" [New] 32L, 1129C written[32;20H[?25h[?25l[39;1H[K[39;1H:[?2004h[?25hq[?25l[?2004l[39;1H[K[39;1H[?2004l[?1l>[?25h[?1049l[23;0;0tbash-4.4$ exit

Script done on 2025-09-09 20:18:40-04:00
